src/index.ts(44,9): error TS2554: Expected 1 arguments, but got 0.
src/lib/config.ts(6,18): error TS2307: Cannot find module 'conf' or its corresponding type declarations.
src/lib/fingerprint.ts(13,21): error TS2307: Cannot find module 'systeminformation' or its corresponding type declarations.
src/lib/fingerprint.ts(105,35): error TS7006: Parameter 'g' implicitly has an 'any' type.
src/lib/fingerprint.ts(111,20): error TS7006: Parameter 'd' implicitly has an 'any' type.
src/lib/output.ts(6,17): error TS2307: Cannot find module 'ora' or its corresponding type declarations.
src/lib/output.ts(7,23): error TS2307: Cannot find module 'table' or its corresponding type declarations.
